// Jest Snapshot v1, https://goo.gl/fbAQLP

exports[`CLI usage usage info matches the snapshot 1`] = `
Array [
  "It seems you are using the default npm registry.",
  "Please update it to your Verdaccio URL by either running:",
  "",
  "npm config set registry <URL>",
  "",
  "or by using the registry argument",
  "",
  "npx verdaccio-azure-ui --registry <URL>",
]
`;
